2026-09-02T06:41:12+00:00 INFO    [event=application.started] IPTV-API 版本: 3.0.0 (构建时间: 2026-08-07 11:45:59)
2026-09-02T06:41:12+00:00 INFO    [phase=prepare event=network.ipv6.checking] 🛜 正在检查当前网络是否支持IPv6...
2026-09-02T06:41:12+00:00 WARNING [phase=prepare event=network.ipv6.unsupported] 当前网络不支持IPv6，别担心，IPv6的结果会被保存下来
2026-09-02T06:41:12+00:00 INFO    [run=bc4afd4396c647588824950cdb96f83f phase=prepare event=run.started] 性能模式: auto → balance，可用资源: 4.0 CPU / 15.61 GB，并发: 测速 8、媒体探测 2、源抓取 8
2026-09-02T06:41:12+00:00 INFO    [run=bc4afd4396c647588824950cdb96f83f phase=prepare event=channels.catalog_loaded] 频道目录已加载：白名单 0，黑名单 2，台标 21
2026-09-02T06:41:12+00:00 INFO    [run=bc4afd4396c647588824950cdb96f83f phase=fetch event=sources.subscribe.summary] 订阅源数量：0，订阅白名单数量：0，停用地址数量：0，有效总数量：0
2026-09-02T06:41:12+00:00 WARNING [run=bc4afd4396c647588824950cdb96f83f phase=fetch event=sources.subscribe.empty] 没有找到有效的订阅地址，请检查文件：config/subscribe.txt，需要添加订阅地址后才能获取订阅源！
2026-09-02T06:41:12+00:00 INFO    [run=bc4afd4396c647588824950cdb96f83f phase=fetch event=sources.epg.summary] EPG源数量：1，EPG白名单数量：0，停用地址数量：0，有效总数量：1
2026-09-02T06:41:12+00:00 INFO    [run=bc4afd4396c647588824950cdb96f83f phase=fetch event=progress.started] 正在进行获取EPG源  0/1
2026-09-02T06:41:14+00:00 INFO    [run=bc4afd4396c647588824950cdb96f83f phase=fetch event=epg.source_parsed] EPG 源解析完成：http://e.erw.cc/e.xml.gz，保留节目 2319 条
2026-09-02T06:41:14+00:00 INFO    [run=bc4afd4396c647588824950cdb96f83f phase=fetch event=progress.updated] 正在进行获取EPG源  1/1 (100%)  剩余 0
2026-09-02T06:41:14+00:00 INFO    [run=bc4afd4396c647588824950cdb96f83f phase=fetch event=sources.epg.finished] EPG源: ✅ 有效地址数量：1，⛔ 停用地址数量：0
2026-09-02T06:41:14+00:00 INFO    [run=bc4afd4396c647588824950cdb96f83f phase=fetch event=progress.finished] 正在进行获取EPG源  1/1  匹配 62 个频道
2026-09-02T06:41:14+00:00 INFO    [run=bc4afd4396c647588824950cdb96f83f phase=aggregate event=channels.aggregated] 频道数据聚合完成：72 个频道，0 个接口（IPv4 0 / IPv6 0）
2026-09-02T06:41:14+00:00 WARNING [run=bc4afd4396c647588824950cdb96f83f phase=aggregate event=run.empty_data] 未生成频道数据：模板包含 74 个频道，但没有配置任何可用接口。
下一步：在 config/subscribe.txt 添加 txt/m3u 订阅地址，或在 config/local.txt 添加本地频道接口。Docker 用户请确认挂载后的 /iptv-api/config/subscribe.txt 不是空文件。教程：https://github.com/Guovin/iptv-api/blob/master/docs/tutorial.md#添加数据源与更多
2026-09-02T06:41:14+00:00 INFO    [run=bc4afd4396c647588824950cdb96f83f phase=speed_test event=speed_test.planned] 总接口数量: 0, 需要进行测速的接口数量: 0
2026-09-02T06:41:14+00:00 INFO    [run=bc4afd4396c647588824950cdb96f83f phase=output event=output.written] 结果文件生成完成：更新 3 个文件
2026-09-02T06:41:14+00:00 INFO    [run=bc4afd4396c647588824950cdb96f83f phase=statistics event=statistics.finished] 频道统计完成：测试 0，有效 0
2026-09-02T06:41:14+00:00 INFO    [run=bc4afd4396c647588824950cdb96f83f phase=complete event=run.summary] 更新摘要
2026-09-02T06:41:14+00:00 WARNING [run=bc4afd4396c647588824950cdb96f83f phase=complete event=run.finished] 运行完成，但未生成频道数据，请按提示配置或检查数据源。
2026-09-02T06:56:44+00:00 INFO    [event=application.started] IPTV-API 版本: 3.0.0 (构建时间: 2026-08-07 11:45:59)
2026-09-02T06:56:44+00:00 INFO    [phase=prepare event=network.ipv6.checking] 🛜 正在检查当前网络是否支持IPv6...
2026-09-02T06:56:44+00:00 WARNING [phase=prepare event=network.ipv6.unsupported] 当前网络不支持IPv6，别担心，IPv6的结果会被保存下来
2026-09-02T06:56:44+00:00 INFO    [run=2093c15668604bdbaea3f4ce8bd3929a phase=prepare event=run.started] 性能模式: auto → balance，可用资源: 4.0 CPU / 15.61 GB，并发: 测速 8、媒体探测 2、源抓取 8
2026-09-02T06:56:44+00:00 INFO    [run=2093c15668604bdbaea3f4ce8bd3929a phase=prepare event=channels.catalog_loaded] 频道目录已加载：白名单 0，黑名单 2，台标 21
2026-09-02T06:56:44+00:00 INFO    [run=2093c15668604bdbaea3f4ce8bd3929a phase=fetch event=sources.subscribe.summary] 订阅源数量：4，订阅白名单数量：0，停用地址数量：0，有效总数量：4
2026-09-02T06:56:44+00:00 INFO    [run=2093c15668604bdbaea3f4ce8bd3929a phase=fetch event=progress.started] 正在进行获取订阅源  0/4
2026-09-02T06:56:44+00:00 INFO    [run=2093c15668604bdbaea3f4ce8bd3929a phase=fetch event=sources.epg.summary] EPG源数量：1，EPG白名单数量：0，停用地址数量：0，有效总数量：1
2026-09-02T06:56:44+00:00 INFO    [run=2093c15668604bdbaea3f4ce8bd3929a phase=fetch event=progress.started] 正在进行获取EPG源  0/1
2026-09-02T06:56:45+00:00 INFO    [run=2093c15668604bdbaea3f4ce8bd3929a phase=fetch event=epg.source_parsed] EPG 源解析完成：http://e.erw.cc/e.xml.gz，保留节目 2319 条
2026-09-02T06:56:45+00:00 INFO    [run=2093c15668604bdbaea3f4ce8bd3929a phase=fetch event=progress.updated] 正在进行获取EPG源  1/1 (100%)  剩余 0
2026-09-02T06:56:45+00:00 INFO    [run=2093c15668604bdbaea3f4ce8bd3929a phase=fetch event=sources.epg.finished] EPG源: ✅ 有效地址数量：1，⛔ 停用地址数量：0
2026-09-02T06:56:45+00:00 INFO    [run=2093c15668604bdbaea3f4ce8bd3929a phase=fetch event=progress.finished] 正在进行获取EPG源  1/1  匹配 62 个频道
2026-09-02T06:56:45+00:00 INFO    [run=2093c15668604bdbaea3f4ce8bd3929a phase=fetch event=progress.updated] 正在进行获取订阅源  1/4 (25%)  剩余 3
2026-09-02T06:56:45+00:00 INFO    [run=2093c15668604bdbaea3f4ce8bd3929a phase=fetch event=progress.updated] 正在进行获取订阅源  2/4 (50%)  剩余 2
2026-09-02T06:56:46+00:00 INFO    [run=2093c15668604bdbaea3f4ce8bd3929a phase=fetch event=progress.updated] 正在进行获取订阅源  3/4 (75%)  剩余 1
2026-09-02T06:56:46+00:00 INFO    [run=2093c15668604bdbaea3f4ce8bd3929a phase=fetch event=progress.updated] 正在进行获取订阅源  4/4 (100%)  剩余 0
2026-09-02T06:56:46+00:00 INFO    [run=2093c15668604bdbaea3f4ce8bd3929a phase=fetch event=sources.subscribe.finished] 订阅源: ✅ 有效地址数量：4，⛔ 停用地址数量：0
2026-09-02T06:56:46+00:00 INFO    [run=2093c15668604bdbaea3f4ce8bd3929a phase=fetch event=progress.finished] 正在进行获取订阅源  4/4  未匹配 79
2026-09-02T06:56:50+00:00 INFO    [run=2093c15668604bdbaea3f4ce8bd3929a phase=aggregate event=channels.aggregated] 频道数据聚合完成：72 个频道，194 个接口（IPv4 138 / IPv6 56）
2026-09-02T06:56:50+00:00 INFO    [run=2093c15668604bdbaea3f4ce8bd3929a phase=speed_test event=speed_test.planned] 总接口数量: 186, 需要进行测速的接口数量: 132
2026-09-02T06:56:50+00:00 INFO    [run=2093c15668604bdbaea3f4ce8bd3929a phase=speed_test event=progress.started] 测速  0/132
2026-09-02T06:56:50+00:00 INFO    [run=2093c15668604bdbaea3f4ce8bd3929a phase=speed_test event=progress.updated] 测速  1/132 (0%)  有效 0  失败 1  CCTV-1
2026-09-02T06:56:52+00:00 INFO    [run=2093c15668604bdbaea3f4ce8bd3929a phase=speed_test event=progress.updated] 测速  14/132 (10%)  有效 0  失败 14  CCTV-7
2026-09-02T06:56:54+00:00 INFO    [run=2093c15668604bdbaea3f4ce8bd3929a phase=speed_test event=progress.updated] 测速  27/132 (20%)  有效 0  失败 27  CCTV-6
2026-09-02T06:56:56+00:00 INFO    [run=2093c15668604bdbaea3f4ce8bd3929a phase=speed_test event=progress.updated] 测速  40/132 (30%)  有效 0  失败 40  CCTV-16
2026-09-02T06:56:59+00:00 INFO    [run=2093c15668604bdbaea3f4ce8bd3929a phase=speed_test event=progress.updated] 测速  53/132 (40%)  有效 0  失败 53  北京卫视
2026-09-02T06:57:01+00:00 INFO    [run=2093c15668604bdbaea3f4ce8bd3929a phase=speed_test event=progress.updated] 测速  66/132 (50%)  有效 1  失败 65  浙江卫视
2026-09-02T06:57:03+00:00 INFO    [run=2093c15668604bdbaea3f4ce8bd3929a phase=speed_test event=progress.updated] 测速  80/132 (60%)  有效 1  失败 79  安徽卫视
2026-09-02T06:57:06+00:00 INFO    [run=2093c15668604bdbaea3f4ce8bd3929a phase=speed_test event=progress.updated] 测速  93/132 (70%)  有效 1  失败 92  江苏卫视
2026-09-02T06:57:07+00:00 INFO    [run=2093c15668604bdbaea3f4ce8bd3929a phase=speed_test event=progress.updated] 测速  106/132 (80%)  有效 1  失败 105  吉林卫视
2026-09-02T06:57:09+00:00 INFO    [run=2093c15668604bdbaea3f4ce8bd3929a phase=speed_test event=progress.updated] 测速  119/132 (90%)  有效 1  失败 118  天津卫视
2026-09-02T06:57:12+00:00 INFO    [run=2093c15668604bdbaea3f4ce8bd3929a phase=speed_test event=progress.updated] 测速  132/132 (100%)  有效 1  失败 131  云南卫视
2026-09-02T06:57:12+00:00 INFO    [run=2093c15668604bdbaea3f4ce8bd3929a phase=speed_test event=speed_test.artifacts_written] 测速明细已写入 output/log/speed_test.log，有效结果已写入 output/log/result.log
2026-09-02T06:57:12+00:00 INFO    [run=2093c15668604bdbaea3f4ce8bd3929a phase=speed_test event=progress.finished] 测速  132/132  有效 1  失败 131
2026-09-02T06:57:12+00:00 INFO    [run=2093c15668604bdbaea3f4ce8bd3929a phase=output event=output.written] 结果文件生成完成：更新 3 个文件
2026-09-02T06:57:12+00:00 INFO    [run=2093c15668604bdbaea3f4ce8bd3929a phase=statistics event=statistics.finished] 频道统计完成：测试 132，有效 1
2026-09-02T06:57:12+00:00 INFO    [run=2093c15668604bdbaea3f4ce8bd3929a phase=complete event=run.summary] 更新摘要
2026-09-02T06:57:12+00:00 INFO    [run=2093c15668604bdbaea3f4ce8bd3929a phase=complete event=run.finished] 更新完成！总耗时：00:27
