延边卫视,http://[2409:8087:8:21::18]:6610/otttv.bj.chinamobile.com/PLTV/88888888/224/3221227045/1.m3u8?GuardEncType=2&accountinfo=~~V2.0~q0D3NdTUN7FuRzr8eJsbQA~tP4-l0lmSfjwLWEfK_el1vH_mv-s1zo4AQJwdedaVwG9xkuFTDg8J26cwOrNJzn20BErrHdLhuZ9EzLUCD3PMW-OMx4MGteHV2vLeW6BqoY%2CEND
康巴卫视,http://[2409:8087:8:21::18]:6610/otttv.bj.chinamobile.com/PLTV/88888888/224/3221227027/1.m3u8?GuardEncType=2&accountinfo=~~V2.0~kHMvBpWz4rccMxNvSRekpQ~tP4-l0lmSfjwLWEfK_el1vH_mv-s1zo4AQJwdedaVwG9xkuFTDg8J26cwOrNJzn20BErrHdLhuZ9EzLUCD3PMW-OMx4MGteHV2vLeW6BqoY%2CEND
浙江新闻,https://ali-m-l.cztv.com/channels/lantian/channel007/1080p.m3u8
浙江国际,https://ali-m-l.cztv.com/channels/lantian/channel010/1080p.m3u8
浙江少儿,https://ali-m-l.cztv.com/channels/lantian/channel008/1080p.m3u8
浙江教科,https://ali-m-l.cztv.com/channels/lantian/channel004/1080p.m3u8
之江纪录,https://ali-m-l.cztv.com/channels/lantian/channel012/1080p.m3u8
浙江民生,https://ali-m-l.cztv.com/channels/lantian/channel006/1080p.m3u8
浙江经济,https://ali-m-l.cztv.com/channels/lantian/channel003/1080p.m3u8
浙江钱江,https://ali-m-l.cztv.com/channels/lantian/channel002/1080p.m3u8
内蒙新闻,https://livestream-bt.nmtv.cn/nmtv/2316general.m3u8?txSecret=%2A%2A%2A&txTime=771E8800
内蒙经济,https://livestream-bt.nmtv.cn/nmtv/2317general.m3u8?txSecret=%2A%2A%2A&txTime=771E8800
内蒙少儿,https://livestream-bt.nmtv.cn/nmtv/2318general.m3u8?txSecret=%2A%2A%2A&txTime=771E8800
内蒙文体,https://livestream-bt.nmtv.cn/nmtv/2319general.m3u8?txSecret=%2A%2A%2A&txTime=771E8800
内蒙农牧,https://livestream-bt.nmtv.cn/nmtv/2320general.m3u8?txSecret=%2A%2A%2A&txTime=771E8800
蒙语卫视,https://livestream-bt.nmtv.cn/nmtv/2315general.m3u8?txSecret=%2A%2A%2A&txTime=771EF880
蒙语文化,https://livestream-bt.nmtv.cn/nmtv/2321general.m3u8?txSecret=%2A%2A%2A&txTime=771E8800
呼市新闻综合,https://livestream-bt.nmtv.cn/nmtv/2331general.m3u8?txSecret=%2A%2A%2A&txTime=771E8800
包头新闻综合,https://livestream-bt.nmtv.cn/nmtv/2358general.m3u8?txSecret=%2A%2A%2A&txTime=771E8800
鄂尔多斯新闻,https://livestream-bt.nmtv.cn/nmtv/2349general.m3u8?txSecret=%2A%2A%2A&txTime=771E8800
巴彦淖尔新闻,https://livestream-bt.nmtv.cn/nmtv/2348general.m3u8?txSecret=%2A%2A%2A&txTime=771E8800
赤峰新闻综合,https://livestream-bt.nmtv.cn/nmtv/2351general.m3u8?txSecret=%2A%2A%2A&txTime=771E8800
乌兰察布新闻,https://livestream-bt.nmtv.cn/nmtv/2354general.m3u8?txSecret=%2A%2A%2A&txTime=771E8800
CGTN英语,https://0472.org/hls/cgtn.m3u8
CGTN记录,https://0472.org/hls/cgtnd.m3u8
CGTN俄语,https://0472.org/hls/cgtne.m3u8
CGTN法语,https://0472.org/hls/cgtnf.m3u8
CGTN西语,https://0472.org/hls/cgtnx.m3u8
CGTN阿语,https://0472.org/hls/cgtna.m3u8
CGTN,http://gslbserv.itv.cmvideo.cn/7745129417417101820/1.m3u8?channel-id=hnbblive&Contentid=7745129417417101820&livemode=1&stbId=3
CGTN记录,http://gslbserv.itv.cmvideo.cn/7114647837765104058/1.m3u8?channel-id=hnbblive&Contentid=7114647837765104058&livemode=1&stbId=3
北京卫视 HEVC,http://gslbserv.itv.cmvideo.cn/1000000005000265027/1.m3u8?channel-id=ystenlive&Contentid=1000000005000265027&livemode=1&stbId=3
纪实科教,http://gslbserv.itv.cmvideo.cn/1000000001000001910/1.m3u8?channel-id=ystenlive&Contentid=1000000001000001910&livemode=1&stbId=3
纪实科教 HEVC,http://gslbserv.itv.cmvideo.cn/1000000005000265020/1.m3u8?channel-id=ystenlive&Contentid=1000000005000265020&livemode=1&stbId=3
卡酷少儿,http://gslbserv.itv.cmvideo.cn/7851974109718180595/1.m3u8?channel-id=bestzb&Contentid=7851974109718180595&livemode=1&stbId=3
安徽卫视 50 FPS,http://gslbserv.itv.cmvideo.cn/6000000001000009954/1.m3u8?channel-id=wasusyt&Contentid=6000000001000009954&livemode=1&stbId=3
安徽卫视 HEVC,http://gslbserv.itv.cmvideo.cn/1000000005000265025/1.m3u8?channel-id=ystenlive&Contentid=1000000005000265025&livemode=1&stbId=3
东南卫视 HEVC,http://gslbserv.itv.cmvideo.cn/1000000005000265033/1.m3u8?channel-id=ystenlive&Contentid=1000000005000265033&livemode=1&stbId=3
广东卫视 50 FPS,http://gslbserv.itv.cmvideo.cn/6000000001000031076/1.m3u8?channel-id=wasusyt&Contentid=6000000001000031076&livemode=1&stbId=3
广东卫视 HEVC,http://gslbserv.itv.cmvideo.cn/1000000005000265034/1.m3u8?channel-id=ystenlive&Contentid=1000000005000265034&livemode=1&stbId=3
黑龙江卫视 50 FPS,http://gslbserv.itv.cmvideo.cn/6000000001000016510/1.m3u8?channel-id=wasusyt&Contentid=6000000001000016510&livemode=1&stbId=3
黑龙江卫视 HEVC,http://gslbserv.itv.cmvideo.cn/1000000005000265029/1.m3u8?channel-id=ystenlive&Contentid=1000000005000265029&livemode=1&stbId=3
湖北卫视 50 FPS,http://gslbserv.itv.cmvideo.cn/6000000001000015436/1.m3u8?channel-id=wasusyt&Contentid=6000000001000015436&livemode=1&stbId=3
湖北卫视 HEVC,http://gslbserv.itv.cmvideo.cn/1000000005000265023/1.m3u8?channel-id=ystenlive&Contentid=1000000005000265023&livemode=1&stbId=3
湖南卫视 50 FPS,http://gslbserv.itv.cmvideo.cn/6000000001000018044/1.m3u8?channel-id=wasusyt&Contentid=6000000001000018044&livemode=1&stbId=3
湖南卫视 HEVC,http://gslbserv.itv.cmvideo.cn/1000000005000265024/1.m3u8?channel-id=ystenlive&Contentid=1000000005000265024&livemode=1&stbId=3
金鹰纪实,http://gslbserv.itv.cmvideo.cn/5000000011000031203/1.m3u8?channel-id=bestzb&Contentid=5000000011000031203&livemode=1&stbId=3
快乐垂钓,http://gslbserv.itv.cmvideo.cn/5000000011000031206/1.m3u8?channel-id=bestzb&Contentid=5000000011000031206&livemode=1&stbId=3
茶友频道,http://gslbserv.itv.cmvideo.cn/5000000011000031209/1.m3u8?channel-id=bestzb&Contentid=5000000011000031209&livemode=1&stbId=3
江苏卫视 50 FPS,http://gslbserv.itv.cmvideo.cn/6000000001000014861/1.m3u8?channel-id=wasusyt&Contentid=6000000001000014861&livemode=1&stbId=3
江苏卫视 HEVC,http://gslbserv.itv.cmvideo.cn/1000000005000265030/1.m3u8?channel-id=ystenlive&Contentid=1000000005000265030&livemode=1&stbId=3
江西卫视 HEVC,http://gslbserv.itv.cmvideo.cn/1000000005000265032/1.m3u8?channel-id=ystenlive&Contentid=1000000005000265032&livemode=1&stbId=3
辽宁卫视 HEVC,http://gslbserv.itv.cmvideo.cn/1000000005000265022/1.m3u8?channel-id=ystenlive&Contentid=1000000005000265022&livemode=1&stbId=3
山东卫视 50 FPS,http://gslbserv.itv.cmvideo.cn/6000000001000004134/1.m3u8?channel-id=wasusyt&Contentid=6000000001000004134&livemode=1&stbId=3
山东卫视 HEVC,http://gslbserv.itv.cmvideo.cn/1000000005000265019/1.m3u8?channel-id=ystenlive&Contentid=1000000005000265019&livemode=1&stbId=3
东方卫视 50 FPS,http://gslbserv.itv.cmvideo.cn/5000000004000014098/1.m3u8?channel-id=bestzb&Contentid=5000000004000014098&livemode=1&stbId=3
东方卫视 HEVC,http://gslbserv.itv.cmvideo.cn/1000000005000265018/1.m3u8?channel-id=ystenlive&Contentid=1000000005000265018&livemode=1&stbId=3
上海ICS外语,http://gslbserv.itv.cmvideo.cn/5000000010000030951/1.m3u8?channel-id=bestzb&Contentid=5000000010000030951&livemode=1&stbId=3
第一财经,http://gslbserv.itv.cmvideo.cn/5000000010000027146/1.m3u8?channel-id=bestzb&Contentid=5000000010000027146&livemode=1&stbId=3
东方财经,http://gslbserv.itv.cmvideo.cn/5000000007000010003/1.m3u8?channel-id=bestzb&Contentid=5000000007000010003&livemode=1&stbId=3
东方影视,http://gslbserv.itv.cmvideo.cn/5000000010000032212/1.m3u8?channel-id=bestzb&Contentid=5000000010000032212&livemode=1&stbId=3
上海都市,http://gslbserv.itv.cmvideo.cn/5000000010000018926/1.m3u8?channel-id=bestzb&Contentid=5000000010000018926&livemode=1&stbId=3
法治天地,http://gslbserv.itv.cmvideo.cn/2000000002000000014/1.m3u8?channel-id=hnbblive&Contentid=2000000002000000014&livemode=1&stbId=3
哈哈炫动,http://gslbserv.itv.cmvideo.cn/5000000011000031123/1.m3u8?channel-id=bestzb&Contentid=5000000011000031123&livemode=1&stbId=3
纪实人文 50 FPS,http://gslbserv.itv.cmvideo.cn/5000000004000010282/1.m3u8?channel-id=bestzb&Contentid=5000000004000010282&livemode=1&stbId=3
纪实人文 HEVC,http://gslbserv.itv.cmvideo.cn/1000000005000265021/1.m3u8?channel-id=ystenlive&Contentid=1000000005000265021&livemode=1&stbId=3
五星体育,http://gslbserv.itv.cmvideo.cn/5000000010000017540/1.m3u8?channel-id=bestzb&Contentid=5000000010000017540&livemode=1&stbId=3
新闻综合,http://gslbserv.itv.cmvideo.cn/5000000011000031110/1.m3u8?channel-id=bestzb&Contentid=5000000011000031110&livemode=1&stbId=3
深圳卫视 50 FPS,http://gslbserv.itv.cmvideo.cn/6000000001000002116/1.m3u8?channel-id=wasusyt&Contentid=6000000001000002116&livemode=1&stbId=3
深圳卫视 HEVC,http://gslbserv.itv.cmvideo.cn/1000000005000265028/1.m3u8?channel-id=ystenlive&Contentid=1000000005000265028&livemode=1&stbId=3
天津卫视 50 FPS,http://gslbserv.itv.cmvideo.cn/6000000001000009186/1.m3u8?channel-id=wasusyt&Contentid=6000000001000009186&livemode=1&stbId=3
天津卫视 HEVC,http://gslbserv.itv.cmvideo.cn/1000000005000265026/1.m3u8?channel-id=ystenlive&Contentid=1000000005000265026&livemode=1&stbId=3
浙江卫视 50 FPS,http://gslbserv.itv.cmvideo.cn/5000000004000007275/1.m3u8?channel-id=bestzb&Contentid=5000000004000007275&livemode=1&stbId=3
浙江卫视 HEVC,http://gslbserv.itv.cmvideo.cn/1000000005000265031/1.m3u8?channel-id=ystenlive&Contentid=1000000005000265031&livemode=1&stbId=3
重庆卫视 HEVC,http://gslbserv.itv.cmvideo.cn/1000000005000265017/1.m3u8?channel-id=ystenlive&Contentid=1000000005000265017&livemode=1&stbId=3
华数4K,http://gslbserv.itv.cmvideo.cn/6000000003000004748/1.m3u8?channel-id=wasusyt&Contentid=6000000003000004748&livemode=1&stbId=3
纯享4K,http://gslbserv.itv.cmvideo.cn/1000000004000011651/1.m3u8?channel-id=ystenlive&Contentid=1000000004000011651&livemode=1&stbId=3
咪咕4K 1,http://gslbserv.itv.cmvideo.cn/3000000010000005180/1.m3u8?channel-id=FifastbLive&Contentid=3000000010000005180&livemode=1&stbId=3
咪咕4K 2,http://gslbserv.itv.cmvideo.cn/3000000010000015686/1.m3u8?channel-id=FifastbLive&Contentid=3000000010000015686&livemode=1&stbId=3
咪咕全民热练,http://gslbserv.itv.cmvideo.cn/3000000020000031315/1.m3u8?channel-id=FifastbLive&Contentid=3000000020000031315&livemode=1&stbId=3
求索动物,http://gslbserv.itv.cmvideo.cn/6000000002000010046/1.m3u8?channel-id=wasusyt&Contentid=6000000002000010046&livemode=1&stbId=3
求索纪录,http://gslbserv.itv.cmvideo.cn/6000000002000032052/1.m3u8?channel-id=wasusyt&Contentid=6000000002000032052&livemode=1&stbId=3
求索科学,http://gslbserv.itv.cmvideo.cn/6000000002000032344/1.m3u8?channel-id=wasusyt&Contentid=6000000002000032344&livemode=1&stbId=3
求索生活,http://gslbserv.itv.cmvideo.cn/6000000002000003382/1.m3u8?channel-id=wasusyt&Contentid=6000000002000003382&livemode=1&stbId=3
NewTV精品综合,http://gslbserv.itv.cmvideo.cn/1000000004000019008/1.m3u8?channel-id=ystenlive&Contentid=1000000004000019008&livemode=1&stbId=3
NewTV精品大剧,http://gslbserv.itv.cmvideo.cn/1000000004000013968/1.m3u8?channel-id=ystenlive&Contentid=1000000004000013968&livemode=1&stbId=3
NewTV精品纪录,http://gslbserv.itv.cmvideo.cn/1000000004000013730/1.m3u8?channel-id=ystenlive&Contentid=1000000004000013730&livemode=1&stbId=3
NewTV精品体育,http://gslbserv.itv.cmvideo.cn/1000000004000014634/1.m3u8?channel-id=ystenlive&Contentid=1000000004000014634&livemode=1&stbId=3
NewTV精品萌宠,http://gslbserv.itv.cmvideo.cn/1000000006000032328/1.m3u8?channel-id=ystenlive&Contentid=1000000006000032328&livemode=1&stbId=3
NewTV爱情喜剧,http://gslbserv.itv.cmvideo.cn/2000000003000000010/1.m3u8?channel-id=hnbblive&Contentid=2000000003000000010&livemode=1&stbId=3
NewTV超级电视剧,http://gslbserv.itv.cmvideo.cn/1000000006000268003/1.m3u8?channel-id=ystenlive&Contentid=1000000006000268003&livemode=1&stbId=3
NewTV超级电影,http://gslbserv.itv.cmvideo.cn/1000000003000012426/1.m3u8?channel-id=ystenlive&Contentid=1000000003000012426&livemode=1&stbId=3
NewTV超级体育,http://gslbserv.itv.cmvideo.cn/1000000001000009601/1.m3u8?channel-id=ystenlive&Contentid=1000000001000009601&livemode=1&stbId=3
NewTV超级综艺,http://gslbserv.itv.cmvideo.cn/1000000006000268002/1.m3u8?channel-id=ystenlive&Contentid=1000000006000268002&livemode=1&stbId=3
NewTV潮妈辣婆,http://gslbserv.itv.cmvideo.cn/2000000003000000018/1.m3u8?channel-id=hnbblive&Contentid=2000000003000000018&livemode=1&stbId=3
NewTV东北热剧,http://gslbserv.itv.cmvideo.cn/1000000005000266013/1.m3u8?channel-id=ystenlive&Contentid=1000000005000266013&livemode=1&stbId=3
NewTV动作电影,http://gslbserv.itv.cmvideo.cn/1000000004000018653/1.m3u8?channel-id=ystenlive&Contentid=1000000004000018653&livemode=1&stbId=3
NewTV古装剧场,http://gslbserv.itv.cmvideo.cn/2000000003000000024/1.m3u8?channel-id=hnbblive&Contentid=2000000003000000024&livemode=1&stbId=3
NewTV欢乐剧场,http://gslbserv.itv.cmvideo.cn/1000000005000266012/1.m3u8?channel-id=ystenlive&Contentid=1000000005000266012&livemode=1&stbId=3
NewTV家庭剧场,http://gslbserv.itv.cmvideo.cn/1000000004000008284/1.m3u8?channel-id=ystenlive&Contentid=1000000004000008284&livemode=1&stbId=3
NewTV金牌综艺,http://gslbserv.itv.cmvideo.cn/1000000004000026167/1.m3u8?channel-id=ystenlive&Contentid=1000000004000026167&livemode=1&stbId=3
NewTV惊悚悬疑,http://gslbserv.itv.cmvideo.cn/1000000004000024282/1.m3u8?channel-id=ystenlive&Contentid=1000000004000024282&livemode=1&stbId=3
NewTV军旅剧场,http://gslbserv.itv.cmvideo.cn/2000000003000000014/1.m3u8?channel-id=hnbblive&Contentid=2000000003000000014&livemode=1&stbId=3
NewTV军事评论,http://gslbserv.itv.cmvideo.cn/2000000003000000022/1.m3u8?channel-id=hnbblive&Contentid=2000000003000000022&livemode=1&stbId=3
NewTV魅力潇湘,http://gslbserv.itv.cmvideo.cn/1000000001000006197/1.m3u8?channel-id=ystenlive&Contentid=1000000001000006197&livemode=1&stbId=3
NewTV明星大片,http://gslbserv.itv.cmvideo.cn/2000000003000000016/1.m3u8?channel-id=hnbblive&Contentid=2000000003000000016&livemode=1&stbId=3
NewTV农业致富,http://gslbserv.itv.cmvideo.cn/2000000003000000003/1.m3u8?channel-id=hnbblive&Contentid=2000000003000000003&livemode=1&stbId=3
NewTV武博世界,http://gslbserv.itv.cmvideo.cn/2000000003000000007/1.m3u8?channel-id=hnbblive&Contentid=2000000003000000007&livemode=1&stbId=3
NewTV炫舞未来,http://gslbserv.itv.cmvideo.cn/1000000001000000515/1.m3u8?channel-id=ystenlive&Contentid=1000000001000000515&livemode=1&stbId=3
NewTV怡伴健康,http://gslbserv.itv.cmvideo.cn/1000000005000266011/1.m3u8?channel-id=ystenlive&Contentid=1000000005000266011&livemode=1&stbId=3
NewTV中国功夫,http://gslbserv.itv.cmvideo.cn/2000000003000000009/1.m3u8?channel-id=hnbblive&Contentid=2000000003000000009&livemode=1&stbId=3
NewTV黑莓电影,http://gslbserv.itv.cmvideo.cn/1000000004000019624/1.m3u8?channel-id=ystenlive&Contentid=1000000004000019624&livemode=1&stbId=3
NewTV黑莓动画,http://gslbserv.itv.cmvideo.cn/1000000004000021734/1.m3u8?channel-id=ystenlive&Contentid=1000000004000021734&livemode=1&stbId=3
NewTV哒啵电竞,http://gslbserv.itv.cmvideo.cn/1000000006000032327/1.m3u8?channel-id=ystenlive&Contentid=1000000006000032327&livemode=1&stbId=3
NewTV哒啵赛事,http://gslbserv.itv.cmvideo.cn/1000000001000003775/1.m3u8?channel-id=ystenlive&Contentid=1000000001000003775&livemode=1&stbId=3
动漫秀场,http://gslbserv.itv.cmvideo.cn/5000000011000031113/1.m3u8?channel-id=bestzb&Contentid=5000000011000031113&livemode=1&stbId=3
都市剧场,http://gslbserv.itv.cmvideo.cn/5000000011000031111/1.m3u8?channel-id=bestzb&Contentid=5000000011000031111&livemode=1&stbId=3
法治天地,http://gslbserv.itv.cmvideo.cn/9001547084732463424/1.m3u8?channel-id=bestzb&Contentid=9001547084732463424&livemode=1&stbId=3
欢笑剧场,http://gslbserv.itv.cmvideo.cn/5000000002000009455/1.m3u8?channel-id=bestzb&Contentid=5000000002000009455&livemode=1&stbId=3
欢笑剧场 4K,http://gslbserv.itv.cmvideo.cn/5000000007000010001/1.m3u8?channel-id=bestzb&Contentid=5000000007000010001&livemode=1&stbId=3
金色学堂,http://gslbserv.itv.cmvideo.cn/5000000010000026105/1.m3u8?channel-id=bestzb&Contentid=5000000010000026105&livemode=1&stbId=3
劲爆体育,http://gslbserv.itv.cmvideo.cn/5000000002000029972/1.m3u8?channel-id=bestzb&Contentid=5000000002000029972&livemode=1&stbId=3
乐游,http://gslbserv.itv.cmvideo.cn/5000000011000031112/1.m3u8?channel-id=bestzb&Contentid=5000000011000031112&livemode=1&stbId=3
魅力足球,http://gslbserv.itv.cmvideo.cn/5000000011000031207/1.m3u8?channel-id=bestzb&Contentid=5000000011000031207&livemode=1&stbId=3
七彩戏剧,http://gslbserv.itv.cmvideo.cn/5000000011000031116/1.m3u8?channel-id=bestzb&Contentid=5000000011000031116&livemode=1&stbId=3
生活时尚,http://gslbserv.itv.cmvideo.cn/5000000002000019634/1.m3u8?channel-id=bestzb&Contentid=5000000002000019634&livemode=1&stbId=3
游戏风云,http://gslbserv.itv.cmvideo.cn/5000000011000031114/1.m3u8?channel-id=bestzb&Contentid=5000000011000031114&livemode=1&stbId=3
iHOT爱电竞,http://gslbserv.itv.cmvideo.cn/6000000006000230630/1.m3u8?channel-id=wasusyt&Contentid=6000000006000230630&livemode=1&stbId=3
iHOT爱谍战,http://gslbserv.itv.cmvideo.cn/6000000006000070630/1.m3u8?channel-id=wasusyt&Contentid=6000000006000070630&livemode=1&stbId=3
iHOT爱动漫,http://gslbserv.itv.cmvideo.cn/6000000006000280630/1.m3u8?channel-id=wasusyt&Contentid=6000000006000280630&livemode=1&stbId=3
iHOT爱都市,http://gslbserv.itv.cmvideo.cn/6000000006000080630/1.m3u8?channel-id=wasusyt&Contentid=6000000006000080630&livemode=1&stbId=3
iHOT爱怀旧,http://gslbserv.itv.cmvideo.cn/6000000006000260630/1.m3u8?channel-id=wasusyt&Contentid=6000000006000260630&livemode=1&stbId=3
iHOT爱经典,http://gslbserv.itv.cmvideo.cn/6000000006000060630/1.m3u8?channel-id=wasusyt&Contentid=6000000006000060630&livemode=1&stbId=3
iHOT爱科幻,http://gslbserv.itv.cmvideo.cn/6000000006000020630/1.m3u8?channel-id=wasusyt&Contentid=6000000006000020630&livemode=1&stbId=3
iHOT爱科学,http://gslbserv.itv.cmvideo.cn/6000000006000160630/1.m3u8?channel-id=wasusyt&Contentid=6000000006000160630&livemode=1&stbId=3
iHOT爱浪漫,http://gslbserv.itv.cmvideo.cn/6000000006000040630/1.m3u8?channel-id=wasusyt&Contentid=6000000006000040630&livemode=1&stbId=3
iHOT爱历史,http://gslbserv.itv.cmvideo.cn/6000000006000150630/1.m3u8?channel-id=wasusyt&Contentid=6000000006000150630&livemode=1&stbId=3
iHOT爱旅行,http://gslbserv.itv.cmvideo.cn/6000000006000250630/1.m3u8?channel-id=wasusyt&Contentid=6000000006000250630&livemode=1&stbId=3
iHOT爱奇谈,http://gslbserv.itv.cmvideo.cn/6000000006000270630/1.m3u8?channel-id=wasusyt&Contentid=6000000006000270630&livemode=1&stbId=3
iHOT爱青春,http://gslbserv.itv.cmvideo.cn/6000000006000100630/1.m3u8?channel-id=wasusyt&Contentid=6000000006000100630&livemode=1&stbId=3
iHOT爱赛车,http://gslbserv.itv.cmvideo.cn/6000000006000240630/1.m3u8?channel-id=wasusyt&Contentid=6000000006000240630&livemode=1&stbId=3
iHOT爱体育,http://gslbserv.itv.cmvideo.cn/6000000006000290630/1.m3u8?channel-id=wasusyt&Contentid=6000000006000290630&livemode=1&stbId=3
iHOT爱玩具,http://gslbserv.itv.cmvideo.cn/6000000006000220630/1.m3u8?channel-id=wasusyt&Contentid=6000000006000220630&livemode=1&stbId=3
iHOT爱喜剧,http://gslbserv.itv.cmvideo.cn/6000000006000010630/1.m3u8?channel-id=wasusyt&Contentid=6000000006000010630&livemode=1&stbId=3
iHOT爱悬疑,http://gslbserv.itv.cmvideo.cn/6000000006000050630/1.m3u8?channel-id=wasusyt&Contentid=6000000006000050630&livemode=1&stbId=3
iHOT爱幼教,http://gslbserv.itv.cmvideo.cn/6000000006000180630/1.m3u8?channel-id=wasusyt&Contentid=6000000006000180630&livemode=1&stbId=3
iHOT爱院线,http://gslbserv.itv.cmvideo.cn/6000000006000030630/1.m3u8?channel-id=wasusyt&Contentid=6000000006000030630&livemode=1&stbId=3
